There were 72 meetings
  first meeting on: May 28 2020
  last meeting on:  Sep 25 2020

Number of meetings grouped by number of participants:
   1:  30
   2:  25
   3:   8
   4:   1
   5:   4
   6:   2
   7:   2

Number of meetings with more than 1 participant was 42
The 42 meetings grouped by meeting length in minutes:
       <    5:    1
     5 -   10:    3
    10 -   20:    5
    20 -   40:    1
    40 -   60:    6
    60 -  120:   22
   120 -  180:    3
   180 -  720:    1

The longest meeting was:
meeting (MountainMoonBookGroup-1) in room MountainMoonBookGroup (265.4 minutes)
2020 Jun 04 15:09 — 19:34 with 5 participants

Average length of a meeting was 73.7 minutes

Total number of participants in these meetings was 21

14 rooms used
Count of the number of times a meeting room was used:
Erica Beth Riff Chat: 8
Giggle Chats with Flynn: 3
Giggle Chats with Jonah: 2
Giggle Chats with Seamus and Sinead: 1
Jamie P Playdate w Evelyn: 6
Jamie Teddy Meet Up: 1
Jamie and Svelti Video Playdate: 2
Jonah and Eli Playdate: 1
MountainMoonBookGroup: 3
Sessions with JP and Erica: 2
SocialMediaTeam: 3
Student Sessions and Giggle Chats: 3
Team Weekly Roundup: 6
Team Weekly Roundup, https://zoom.us/j/97838927087?pwd=Mm5nQTRPMWlNbFR6ZHV1bUxoRm1JQT09: 1
