There were 1221 meetings
  first meeting on: Apr 19 2020
  last meeting on:  Nov 23 2020

Number of meetings grouped by number of participants:
   1: 276
   2: 661
   3: 186
   4:  61
   5:  23
   6:   9
   7:   4
   8:   1

Number of meetings with more than 1 participant was 945
The 945 meetings grouped by meeting length in minutes:
       <    5:   33
     5 -   10:   42
    10 -   20:  161
    20 -   40:  499
    40 -   60:  134
    60 -  120:   74
   120 -  180:    2
   180 -  720:    0

The longest meeting was:
meeting (budget-9) in room budget (168.0 minutes)
2020 Jul 01 17:30 — 20:18 with 5 participants

Average length of a meeting was 31.4 minutes

Total number of participants in these meetings was 154

224 rooms used
Count of the number of times a meeting room was used:
1:1: 1
1:1touchbase: 9
Adit: 2
Alfie&Shannon Checkin: 14
Alfie-Neil: 3
Alfie-Ranjani: 1
BD: 3
BDcatchup: 1
BDcheck: 2
BDcheckin: 1
BDdrinks: 7
BDsprint: 1
Ben/Mark: 1
BenMark: 1
Beth/Mark: 5
Beth/Shabana: 1
Beth/Vicki: 1
BethJulia: 23
BethMark: 1
BethPaul: 1
BethRuthWeekly: 6
Board: 1
Building Virtual Courses: 3
CB: 1
CRM: 1
CS: 1
Campus Video : 1
Coach: 1
Coffee: 2
Connect: 6
Course Kick Off Checkin : 1
Creative Butter: 1
Cru: 1
Curriculum: 84
Cyber: 1
Dashboard: 1
Data: 3
Dave and Kara: 1
DaveJulia: 1
Devin & Shannon: 4
DevinJulia1on1: 29
Education: 1
Email: 2
Executive: 1
FTP: 1
Finance: 14
Financial Review: 1
Fintech Assignments: 1
Fintech Weekly: 5
Flybits: 1
Forecast: 1
Governance: 1
HEPitch: 1
HKS: 1
Hello: 1
HubSpot: 3
Hubspot: 1
IEEE: 1
Interview: 1
Julia: 1
JuliaAlfie: 1
JuliaBeth: 8
JuliaDevin: 1
JuliaDevinShannon: 1
JuliaMark: 2
JuliaMiranda: 31
JuliaShannon: 1
Kara/Mark: 18
KatJulia: 1
KellyJulia: 2
LodrinaMark: 1
MITXL: 5
Malaysia: 1
MarenMark: 1
Mark/Sylvia: 2
MarkDevin: 1
MarkJulia: 54
Marketing: 16
Mary: 32
MikeJulia: 1
Mission/Vision/Values: 1
NFL: 1
No Zoom: 1
OCF-Clive White: 1
OO Coverage: 1
OXCF Weekly Standup: 2
OxFinTech: 1
Oxford: 1
PR Brief: 1
PR Touchpoint : 1
Pentland: 1
Personal: 1
PrepforBoardMeetin: 1
Production Budget: 1
RG: 1
Ranjani: 1
RanjaniJulia: 3
Revenue & Purchasing Policy: 1
RiffConnect: 1
Ruth: 3
Ruth Meeting: 2
RuthBeth: 1
RuthDave: 1
RuthJulia: 20
RuthMark: 1
Shabana/Mark: 9
ShabanaFigueroa: 1
Shannon: 1
ShannonJulia: 1
Singapore: 1
Snippets : 1
Snowflake: 1
Staffing: 1
Student Rapport: 1
Success Data: 11
Success Tutor Huddle: 1
Support: 2
Sylvia/Mark: 2
SylviaMark: 8
Sync: 1
Touchbase: 2
Train the Trainers: 1
VIDEO: 5
VickiMark: 2
Video: 1
Virtual Courses Review: 1
WEBSITE: 1
Weekly Checkin : 25
Weekly Status: 2
Werk: 1
acquisitions: 1
advisory: 1
art: 1
badging: 1
banking: 1
blockchain: 1
brand: 3
brownbag: 1
budget: 10
call: 1
campaign: 2
collaboration: 5
comms: 1
community: 1
comp: 1
connect: 6
course-design: 1
cyber: 4
cybertutor: 1
dashboard: 1
debrief: 4
demo: 4
deploy: 1
design: 1
dominiktest: 1
email: 1
enrollment tracking: 1
exec briefings: 1
finance: 1
financials: 2
fintech: 2
gamalon: 1
gamechangers: 2
grading: 3
grumpy: 1
handover: 1
hello: 1
hiring: 1
honour: 1
innovation: 1
interview: 34
interview : 3
interview1: 9
interview2: 21
kara: 2
learnerdata: 1
logo: 1
management: 1
markbeth: 1
marketing: 33
media: 1
medici: 1
meeting: 2
mixer: 2
onboarding: 2
oxstandup: 4
payment: 2
personal: 2
pitch: 1
pitts: 1
planning: 2
platforms: 1
policies: 1
prep: 2
product: 1
production: 2
prospectus: 1
publicrelations: 1
recruit: 2
recruiting: 1
reinvent: 1
research: 1
review: 1
riff: touchbase: 1
riffedu version: 1
sales and marketing: 1
shift6: 1
shopify: 2
sprint: 1
staff: 1
startdate: 1
strategy: 5
team: 2
touch base: 1
touchbase: 112
touchbase1: 1
trainer: 1
transition: 1
tutors: 1
tutorteam: 1
vendors: 1
video: 1
web design: 11
webinar: 1
