There were 241 meetings
  first meeting on: May 15 2020
  last meeting on:  Nov 20 2020

Number of meetings grouped by number of participants:
   1: 168
   2:  52
   3:  14
   4:   3
   5:   2
   7:   1
   9:   1

Number of meetings with more than 1 participant was 73
The 73 meetings grouped by meeting length in minutes:
       <    5:    5
     5 -   10:    9
    10 -   20:   22
    20 -   40:   21
    40 -   60:   11
    60 -  120:    5
   120 -  180:    0
   180 -  720:    0

The longest meeting was:
meeting (42jx2c9rcw-2) in room 42jx2c9rcw (96.6 minutes)
2020 Aug 20 14:09 — 15:45 with 2 participants

Average length of a meeting was 27.2 minutes

Total number of participants in these meetings was 114

42 rooms used
Count of the number of times a meeting room was used:
0atkj3t889: 1
0kxrcftgxq: 2
13ihspgjrp: 1
1nr5zuzxtf: 1
2zh1vs7eyk: 1
3ceon6q42n: 2
3i7ikrqfxi: 1
42jx2c9rcw: 1
4p0636s018: 2
5mtk7jkbdt: 1
7h3qoutd5k: 1
8bzdtb1sol: 1
9y5osxtnh9: 2
a5h87z3z1u: 1
b3ge1x7u4m: 2
f64wxqhqzy: 1
ftem8l18gj: 1
hmlph2pup2: 1
hwpuy9x10n: 4
j3xz64nof6: 1
jvk54si925: 1
ka5mmmbjtv: 5
kh7fw74cwy: 1
kj2do5fppt: 1
knm55ao9v9: 1
ods8ewe5ac: 2
p6ucbqfpqh: 1
pwnh8kpmv7: 11
pxiqrqkw7o: 1
sdwtagm94x: 2
tkyvb7ff3c: 1
twkmpd3xxl: 1
uo8xa7yfdh: 1
usqy7h0phu: 1
v0fxraelnd: 1
vnxgecjhvh: 3
wmzioh8ewo: 1
xevrfh6gat: 2
xk350ljym7: 1
xmmbb73kwj: 3
xtsmknpioq: 1
zsesw8oryk: 3
