There were 660 meetings
  first meeting on: Apr 18 2020
  last meeting on:  Nov 20 2020

Number of meetings grouped by number of participants:
   1: 243
   2: 290
   3:  65
   4:  26
   5:  15
   6:   7
   7:   6
   8:   5
   9:   3

Number of meetings with more than 1 participant was 417
The 417 meetings grouped by meeting length in minutes:
       <    5:   17
     5 -   10:   23
    10 -   20:   50
    20 -   40:  177
    40 -   60:   80
    60 -  120:   69
   120 -  180:    1
   180 -  720:    0

The longest meeting was:
meeting (panel-1) in room panel (174.7 minutes)
2020 Nov 11 20:18 — 23:13 with 3 participants

Average length of a meeting was 36.6 minutes

Total number of participants in these meetings was 262

128 rooms used
Count of the number of times a meeting room was used:
645Ventures: 1
7/1 Meeting: 1
ABC - RIFF interview: 1
ABCMoocs: 2
AWS: 1
Adit: 1
BD: 1
BD Check-in: 1
BD Meeting: 1
BD Next Steps: 1
BD Team: 1
BU: 2
BarbaraBeth: 1
Beth/Tami Contacts Searching: 2
Brix Band: 1
CC: 2
CCSSO-Room-1: 1
CCSSO-Room-2: 1
CCSSO-Room-3: 1
CCSSO-Room-5: 1
CDL: 2
DKim: 1
DanBeth: 1
DaveBeth: 12
Demo: 1
DougBeth: 7
Edge: 1
EmmettBeth: 1
EricBeth: 1
ErinBeth: 1
ExpertDojo: 1
GT: 1
GilliMike: 1
Hult: 3
JHU: 1
JamesBeth: 2
JasonBeth: 4
JenniferBeth: 11
JeremyBeth: 1
Jim: 1
KHoaTest: 1
KhoaBeth: 6
KhoaTest1: 1
LearnLaunch: 1
MIT-Emeritus: 1
MIT/Emeritus: 1
MikeBeth: 1
OMBA: 7
Private School BD: 1
Reeha-Andrew: 2
ReehaBeth: 22
RiffIntro: 2
RobsonBeth: 2
SBSMBA: 1
SEI: 1
SEO: 1
SLEI: 1
Safar: 1
SarahBeth: 1
Stephen - Beth - David: 1
SteveBeth: 3
TalentEdge: 2
Testing W/ Will: 1
UniDue: 1
VU: 1
VinayBeth: 3
WillBeth: 11
WillDave: 1
WillDaveTami: 1
WillDavid: 1
WillTami: 1
XLead: 1
achtung: 1
blueleaf: 2
boardmtg: 1
callcoach: 1
catchup: 1
chat: 1
checkin: 1
clearstone: 1
coding: 2
courbanize: 1
cyberwarrior: 1
darpa: 1
deck: 1
demo: 93
dougbeth: 1
ecom: 1
email: 1
emoji: 1
enterprises: 1
faces: 1
facialmodeling: 1
globalventures: 11
happyhour: 1
himike: 1
huh: 1
internship: 1
interpersonal: 1
interview: 5
jitsi: 1
jordantest: 1
knowfully: 2
legal: 1
manpower: 1
mattermost: 1
metric algorithms: 2
negotiations: 6
panel: 1
pattern: 2
presentation: 1
publishers: 1
python: 1
qChange: 1
radicalsocial: 3
research: 23
researchpaper: 2
sibilant: 2
sorryjulia: 1
test: 1
test1: 2
turncalculation: 1
uni-due: 6
uprise: 54
website: 1
weeklysync: 1
wgulabs: 1
whatdidido: 1
