There were 81 meetings  
  first meeting on: May 15 2020
  last meeting on:  Jul 02 2020

Number of meetings grouped by number of participants:
{1: 57, 2: 17, 3: 6, 5: 1}

Number of meetings with more than 1 participant was 24
The 24 meetings grouped by meeting length in minutes:
       <    5:    2
     5 -   10:    1
    10 -   20:    9
    20 -   40:    7
    40 -   60:    4
    60 -  120:    1
   120 -  180:    0
   180 -  720:    0

The longest meeting was:
meeting (pwnh8kpmv7-6) in room pwnh8kpmv7
2020 Jun 02 19:29 — 20:37 (67.3 minutes)
2 participants:
   1) G0DAHoX1U8hbz1IefV2Vq3TmOy72
   2) YfIY0j8AcmPbyRMd4FjwnV9RjcO2

Average length of a meeting was 27.8 minutes

Total number of participants in these meetings was 33

11 rooms used
5mtk7jkbdt: 1 meetings
	attended by 2 participants
	lasting 10.5 minutes
	room participants (# of meetings)
		6kcPnLpGVFSjxX95OqpuYLI2Jun1 (1)
		JUQuvggv76ctK1nJNOWvkkf3McT2 (1)

pwnh8kpmv7: 11 meetings
	attended by 2 - 3 participants
	lasting from 0.4 to 67.3 minutes (avg: 30.5)
	room participants (# of meetings)
		6kcPnLpGVFSjxX95OqpuYLI2Jun1 (1)
		G0DAHoX1U8hbz1IefV2Vq3TmOy72 (11)
		JUQuvggv76ctK1nJNOWvkkf3McT2 (1)
		cdjTiW6POQeajeOBkE563cpRd2F3 (1)
		D5m6F1s4nufDVULRwgU2ASIaMRH2 (1)
		UDGme19BA8TjogLkyfBHc9OklLX2 (1)
		YfIY0j8AcmPbyRMd4FjwnV9RjcO2 (1)
		1uwNrCoccXNwwMmrVrQ9f8Z5Ort1 (1)
		wVT5wEYlEpYxwKrhCSD7nm32bms2 (1)
		72CDpHRx9lTkB17J4uALKObymXL2 (3)
		Hf4jakzjG5TV7TuNhNQlj1rBZ4F2 (1)
		QqGw0tzwFBZj3wtJ8p0FGwXAK0x1 (1)
		AEHB65VyVLfmdOBe3yzoZBcyzMS2 (1)

p6ucbqfpqh: 1 meetings
	attended by 2 participants
	lasting 31.7 minutes
	room participants (# of meetings)
		G0DAHoX1U8hbz1IefV2Vq3TmOy72 (1)
		JUQuvggv76ctK1nJNOWvkkf3McT2 (1)

knm55ao9v9: 1 meetings
	attended by 2 participants
	lasting 15.7 minutes
	room participants (# of meetings)
		5riV8ft3DESS9KZVFLOdZTPvrlh2 (1)
		ZaUCMof8lJZ2JH00staEkBtQKYL2 (1)

3ceon6q42n: 2 meetings
	attended by 3 - 5 participants
	lasting from 33.0 to 52.6 minutes (avg: 42.8)
	room participants (# of meetings)
		BLf8tHoLYRcfGr4FjLMaPKZYS1g2 (1)
		BpD0RSphYgMhAfybDDLhyKNl6ow2 (2)
		DJRQhw8WwrMD5bdQ4ShW8PvWvPF2 (2)
		t4Yqct4D1KMiCybUpNffWuaCnar1 (2)
		xjN9mhpntte8t1CfR97h3G9nqke2 (1)

f64wxqhqzy: 1 meetings
	attended by 2 participants
	lasting 16.8 minutes
	room participants (# of meetings)
		G0DAHoX1U8hbz1IefV2Vq3TmOy72 (1)
		UDGme19BA8TjogLkyfBHc9OklLX2 (1)

ods8ewe5ac: 2 meetings
	attended by 2 - 3 participants
	lasting from 28.3 to 57.2 minutes (avg: 42.8)
	room participants (# of meetings)
		1g50p11zcjTs843p0rrBIbFiKKs2 (1)
		fBs9By3LbrfOoIMQCDQwXUnv4u53 (2)
		uulOAga06UfdEMzstejRJ2w3BY72 (1)
		YLh7QC0QIpWEJDudQNhwPSieyQ83 (1)

7h3qoutd5k: 1 meetings
	attended by 2 participants
	lasting 11.4 minutes
	room participants (# of meetings)
		GZHj3PKYPFdcCEoxcQoSwYIZ8pf2 (1)
		TtN2bxmplFMOFbUPgwqjimFnuEs2 (1)

hwpuy9x10n: 1 meetings
	attended by 3 participants
	lasting 36.0 minutes
	room participants (# of meetings)
		238AcZDJyPPmsJffhZ8s2XPH66E2 (1)
		CVOIml4Os8UgIJKUycxnFoXQm0i1 (1)
		y0h6Biq06uQuZdoLesBBdE2onA52 (1)

9y5osxtnh9: 2 meetings
	attended by 2 participants
	lasting from 6.5 to 18.4 minutes (avg: 12.5)
	room participants (# of meetings)
		C6R6ZQRwSBXHq4SC2RIka9adaJF2 (2)
		QNQawlzNTGb0We1gEusXhIRqOIQ2 (2)

j3xz64nof6: 1 meetings
	attended by 2 participants
	lasting 14.5 minutes
	room participants (# of meetings)
		OleSk4nlZONmKY4VYsXEVO4JBxC3 (1)
		UnhLU7d1KdRKwVhfn61v36KaSsS2 (1)

