There were 21 meetings  
  first meeting on: May 28 2020
  last meeting on:  Jun 01 2020

Number of meetings grouped by number of participants:
{1: 9, 2: 10, 3: 1, 6: 1}

Number of meetings with more than 1 participant was 12
The 12 meetings grouped by meeting length in minutes:
       <    5:    1
     5 -   10:    1
    10 -   20:    2
    20 -   40:    1
    40 -   60:    1
    60 -  120:    5
   120 -  180:    1
   180 -  720:    0

The longest meeting was:
meeting (Team Weekly Roundup-1) in room Team Weekly Roundup
2020 May 29 19:59 — 22:03 (124.2 minutes)
6 participants:
   1) 4N2CBaVb7HTutA8wGUaiJPHLGB12
   2) AH3719dwHTegn5q8qvWOdX7aSPx1
   3) SHRlgBjNoIescnYFs3EtGYil7aM2
   4) SzolDBIU0HbAH6fFcQfPXKKCt3y2
   5) UQObIaaTXIRVOhkcYiMNRiXUfwx2
   6) u35SNhUkY0UoIaGY8UBjSI8DVnH3

Average length of a meeting was 56.9 minutes

Total number of participants in these meetings was 12

8 rooms used
SocialMediaTeam: 3 meetings
	attended by 2 participants
	lasting from 12.9 to 77.4 minutes (avg: 35.2)
	room participants (# of meetings)
		AH3719dwHTegn5q8qvWOdX7aSPx1 (3)
		J9kLI5q1zXVTbUu4YhiE514cM7I2 (3)

Giggle Chats with Flynn: 1 meetings
	attended by 2 participants
	lasting 32.2 minutes
	room participants (# of meetings)
		AH3719dwHTegn5q8qvWOdX7aSPx1 (1)
		flXGdigfIsc90I2CitZtZB72WpG3 (1)

Giggle Chats with Seamus and Sinead: 1 meetings
	attended by 2 participants
	lasting 86.5 minutes
	room participants (# of meetings)
		AH3719dwHTegn5q8qvWOdX7aSPx1 (1)
		N0OzlawcrkQVh1HDbGF9WV8yhv03 (1)

Giggle Chats with Jonah: 2 meetings
	attended by 2 participants
	lasting from 58.5 to 65.3 minutes (avg: 61.9)
	room participants (# of meetings)
		AH3719dwHTegn5q8qvWOdX7aSPx1 (2)
		gBxy9tlUOmfiVsyclDtWkKD3K0i1 (2)

Student Sessions and Giggle Chats: 1 meetings
	attended by 2 participants
	lasting 98.8 minutes
	room participants (# of meetings)
		1nyOVhzZQPV0XaIzUu63O5dvKJl1 (1)
		AH3719dwHTegn5q8qvWOdX7aSPx1 (1)

Sessions with JP and Erica: 2 meetings
	attended by 2 participants
	lasting from 3.2 to 7.0 minutes (avg: 5.1)
	room participants (# of meetings)
		1nyOVhzZQPV0XaIzUu63O5dvKJl1 (2)
		AH3719dwHTegn5q8qvWOdX7aSPx1 (2)

Team Weekly Roundup: 1 meetings
	attended by 6 participants
	lasting 124.2 minutes
	room participants (# of meetings)
		4N2CBaVb7HTutA8wGUaiJPHLGB12 (1)
		AH3719dwHTegn5q8qvWOdX7aSPx1 (1)
		SHRlgBjNoIescnYFs3EtGYil7aM2 (1)
		SzolDBIU0HbAH6fFcQfPXKKCt3y2 (1)
		UQObIaaTXIRVOhkcYiMNRiXUfwx2 (1)
		u35SNhUkY0UoIaGY8UBjSI8DVnH3 (1)

Jamie and Svelti Video Playdate: 1 meetings
	attended by 3 participants
	lasting 101.1 minutes
	room participants (# of meetings)
		1nyOVhzZQPV0XaIzUu63O5dvKJl1 (1)
		AH3719dwHTegn5q8qvWOdX7aSPx1 (1)
		dYguhniTWoZNJtdJfgI2l1w6RcW2 (1)

