There were 13 meetings  
  first meeting on: May 01 2020
  last meeting on:  May 29 2020

Number of meetings grouped by number of participants:
{1: 5, 2: 3, 4: 2, 5: 3}

Number of meetings with more than 1 participant was 8
The 8 meetings grouped by meeting length in minutes:
       <    5:    0
     5 -   10:    0
    10 -   20:    3
    20 -   40:    1
    40 -   60:    2
    60 -  120:    2
   120 -  180:    0
   180 -  720:    0

The longest meeting was:
meeting (Peerceptiv-2) in room Peerceptiv
2020 May 06 17:57 — 19:06 (68.9 minutes)
4 participants:
   1) ZbUVEuwCs6ZtJq17t4HYwxuNotE3
   2) keAQROKwkyOogBo3UJ7XEByHB0W2
   3) rR0th66ZaaRBzBV6cFeSUG6ht4D2
   4) uYeodlLiFNbTuOnh9pg9h21eebU2

Average length of a meeting was 40.2 minutes

Total number of participants in these meetings was 10

5 rooms used
venturepartner: 4 meetings
	attended by 4 - 5 participants
	lasting from 15.0 to 60.6 minutes (avg: 41.1)
	room participants (# of meetings)
		G0DAHoX1U8hbz1IefV2Vq3TmOy72 (3)
		i04sExUAQXQrwvVQJHwSGHdCWZw2 (4)
		s3gTshv19PNr1Ca0Fim7UbedO1h1 (4)
		szLeqH9nrxOjO8YoZtZr0rsJz8I3 (4)
		vPlghZG3t2eeV8YK2iUwRHP1TRG2 (3)
		zaxAMLXgFzRrC1k0UKyoxtFDCrL2 (1)

EricBeth: 1 meetings
	attended by 2 participants
	lasting 57.2 minutes
	room participants (# of meetings)
		G0DAHoX1U8hbz1IefV2Vq3TmOy72 (1)
		szLeqH9nrxOjO8YoZtZr0rsJz8I3 (1)

Peerceptiv: 1 meetings
	attended by 4 participants
	lasting 68.9 minutes
	room participants (# of meetings)
		ZbUVEuwCs6ZtJq17t4HYwxuNotE3 (1)
		keAQROKwkyOogBo3UJ7XEByHB0W2 (1)
		rR0th66ZaaRBzBV6cFeSUG6ht4D2 (1)
		uYeodlLiFNbTuOnh9pg9h21eebU2 (1)

Riff: 1 meetings
	attended by 2 participants
	lasting 12.5 minutes
	room participants (# of meetings)
		G0DAHoX1U8hbz1IefV2Vq3TmOy72 (1)
		s3gTshv19PNr1Ca0Fim7UbedO1h1 (1)

MaryBeth: 1 meetings
	attended by 2 participants
	lasting 18.5 minutes
	room participants (# of meetings)
		G0DAHoX1U8hbz1IefV2Vq3TmOy72 (1)
		zaxAMLXgFzRrC1k0UKyoxtFDCrL2 (1)

