There were 25 meetings  
  first meeting on: May 15 2020
  last meeting on:  Jun 02 2020

Number of meetings grouped by number of participants:
{1: 14, 2: 7, 3: 3, 5: 1}

Number of meetings with more than 1 participant was 11
The 11 meetings grouped by meeting length in minutes:
       <    5:    0
     5 -   10:    0
    10 -   20:    5
    20 -   40:    5
    40 -   60:    1
    60 -  120:    0
   120 -  180:    0
   180 -  720:    0

The longest meeting was:
meeting (3ceon6q42n-3) in room 3ceon6q42n
2020 May 28 14:35 — 15:28 (52.6 minutes)
3 participants:
   1) BpD0RSphYgMhAfybDDLhyKNl6ow2
   2) DJRQhw8WwrMD5bdQ4ShW8PvWvPF2
   3) t4Yqct4D1KMiCybUpNffWuaCnar1

Average length of a meeting was 26.2 minutes

Total number of participants in these meetings was 16

7 rooms used
5mtk7jkbdt: 1 meetings
	attended by 2 participants
	lasting 10.5 minutes
	room participants (# of meetings)
		6kcPnLpGVFSjxX95OqpuYLI2Jun1 (1)
		JUQuvggv76ctK1nJNOWvkkf3McT2 (1)

pwnh8kpmv7: 4 meetings
	attended by 2 - 3 participants
	lasting from 12.0 to 39.7 minutes (avg: 24.9)
	room participants (# of meetings)
		6kcPnLpGVFSjxX95OqpuYLI2Jun1 (1)
		G0DAHoX1U8hbz1IefV2Vq3TmOy72 (4)
		JUQuvggv76ctK1nJNOWvkkf3McT2 (1)
		cdjTiW6POQeajeOBkE563cpRd2F3 (1)
		D5m6F1s4nufDVULRwgU2ASIaMRH2 (1)
		UDGme19BA8TjogLkyfBHc9OklLX2 (1)

p6ucbqfpqh: 1 meetings
	attended by 2 participants
	lasting 31.7 minutes
	room participants (# of meetings)
		G0DAHoX1U8hbz1IefV2Vq3TmOy72 (1)
		JUQuvggv76ctK1nJNOWvkkf3McT2 (1)

knm55ao9v9: 1 meetings
	attended by 2 participants
	lasting 15.7 minutes
	room participants (# of meetings)
		5riV8ft3DESS9KZVFLOdZTPvrlh2 (1)
		ZaUCMof8lJZ2JH00staEkBtQKYL2 (1)

3ceon6q42n: 2 meetings
	attended by 3 - 5 participants
	lasting from 33.0 to 52.6 minutes (avg: 42.8)
	room participants (# of meetings)
		BLf8tHoLYRcfGr4FjLMaPKZYS1g2 (1)
		BpD0RSphYgMhAfybDDLhyKNl6ow2 (2)
		DJRQhw8WwrMD5bdQ4ShW8PvWvPF2 (2)
		t4Yqct4D1KMiCybUpNffWuaCnar1 (2)
		xjN9mhpntte8t1CfR97h3G9nqke2 (1)

f64wxqhqzy: 1 meetings
	attended by 2 participants
	lasting 16.8 minutes
	room participants (# of meetings)
		G0DAHoX1U8hbz1IefV2Vq3TmOy72 (1)
		UDGme19BA8TjogLkyfBHc9OklLX2 (1)

ods8ewe5ac: 1 meetings
	attended by 3 participants
	lasting 28.3 minutes
	room participants (# of meetings)
		1g50p11zcjTs843p0rrBIbFiKKs2 (1)
		fBs9By3LbrfOoIMQCDQwXUnv4u53 (1)
		uulOAga06UfdEMzstejRJ2w3BY72 (1)

