There were 202 meetings  
  first meeting on: Apr 19 2020
  last meeting on:  Jun 02 2020

Number of meetings grouped by number of participants:
{1: 50, 2: 95, 3: 41, 4: 12, 5: 1, 6: 3}

Number of meetings with more than 1 participant was 152
The 152 meetings grouped by meeting length in minutes:
       <    5:    8
     5 -   10:    8
    10 -   20:   16
    20 -   40:   84
    40 -   60:   20
    60 -  120:   16
   120 -  180:    0
   180 -  720:    0

The longest meeting was:
meeting (Curriculum-1) in room Curriculum
2020 Apr 27 16:26 — 18:03 (97.0 minutes)
4 participants:
   1) 3vtxNy6Vsabo1WYq1t634SzLyz33
   2) G0DAHoX1U8hbz1IefV2Vq3TmOy72
   3) nkEMsYQRUaOPj4gyW0Cx1IAQoQT2
   4) pbmK3XEVIveNuGuW6SrLmWEHDkF3

Average length of a meeting was 32.0 minutes

Total number of participants in these meetings was 59

64 rooms used
team: 2 meetings
	attended by 2 - 5 participants
	lasting from 22.2 to 61.4 minutes (avg: 41.8)
	room participants (# of meetings)
		G0DAHoX1U8hbz1IefV2Vq3TmOy72 (1)
		nkEMsYQRUaOPj4gyW0Cx1IAQoQT2 (1)
		3vtxNy6Vsabo1WYq1t634SzLyz33 (1)
		TbBMvZGJHISJ94TdQRpfSBx7aWs2 (1)
		aT9CHDLFX0RNLfHP4DuoRKY7VjQ2 (1)
		bNQFREDx9JdA8vUyUm40gSARPaK2 (1)
		baCqb1eyV7gwCP4efWV9dXIcrHw1 (1)

BD: 3 meetings
	attended by 2 - 3 participants
	lasting from 44.0 to 89.3 minutes (avg: 66.5)
	room participants (# of meetings)
		KzRuZl7GORfMuz72pdJWvJtdPwM2 (3)
		nkEMsYQRUaOPj4gyW0Cx1IAQoQT2 (3)
		wVT5wEYlEpYxwKrhCSD7nm32bms2 (2)

Beth/Mark: 2 meetings
	attended by 2 participants
	lasting from 31.2 to 34.0 minutes (avg: 32.6)
	room participants (# of meetings)
		G0DAHoX1U8hbz1IefV2Vq3TmOy72 (2)
		pbmK3XEVIveNuGuW6SrLmWEHDkF3 (2)

Flybits: 1 meetings
	attended by 3 participants
	lasting 18.6 minutes
	room participants (# of meetings)
		3vtxNy6Vsabo1WYq1t634SzLyz33 (1)
		XV5nYHGbKGRCDnLBtiSflKqhG5x2 (1)
		pbmK3XEVIveNuGuW6SrLmWEHDkF3 (1)

marketing: 2 meetings
	attended by 2 participants
	lasting from 5.0 to 26.5 minutes (avg: 15.7)
	room participants (# of meetings)
		Z6QqrWYYYTahiWfYYqq1maczyYi2 (2)
		nkEMsYQRUaOPj4gyW0Cx1IAQoQT2 (2)

MarkJulia: 16 meetings
	attended by 2 participants
	lasting from 0.9 to 34.6 minutes (avg: 20.4)
	room participants (# of meetings)
		3vtxNy6Vsabo1WYq1t634SzLyz33 (16)
		pbmK3XEVIveNuGuW6SrLmWEHDkF3 (16)

JuliaBeth: 8 meetings
	attended by 2 participants
	lasting from 25.2 to 33.0 minutes (avg: 27.7)
	room participants (# of meetings)
		3vtxNy6Vsabo1WYq1t634SzLyz33 (8)
		G0DAHoX1U8hbz1IefV2Vq3TmOy72 (8)

email: 1 meetings
	attended by 6 participants
	lasting 51.6 minutes
	room participants (# of meetings)
		3vtxNy6Vsabo1WYq1t634SzLyz33 (1)
		G0DAHoX1U8hbz1IefV2Vq3TmOy72 (1)
		T0yCfOT4nWOpBa0xMAc2Dtql3Fy1 (1)
		Z6QqrWYYYTahiWfYYqq1maczyYi2 (1)
		baCqb1eyV7gwCP4efWV9dXIcrHw1 (1)
		nkEMsYQRUaOPj4gyW0Cx1IAQoQT2 (1)

SylviaMark: 6 meetings
	attended by 2 participants
	lasting from 8.3 to 30.9 minutes (avg: 22.6)
	room participants (# of meetings)
		pbmK3XEVIveNuGuW6SrLmWEHDkF3 (6)
		x612iHzxfdWSwviJURBIYzyapOG3 (6)

Personal: 1 meetings
	attended by 2 participants
	lasting 44.8 minutes
	room participants (# of meetings)
		o9lFcggZc6dD026DYxGbAiL7Dmm2 (1)
		pbmK3XEVIveNuGuW6SrLmWEHDkF3 (1)

HubSpot: 3 meetings
	attended by 3 - 6 participants
	lasting from 47.1 to 53.9 minutes (avg: 50.1)
	room participants (# of meetings)
		3vtxNy6Vsabo1WYq1t634SzLyz33 (1)
		G0DAHoX1U8hbz1IefV2Vq3TmOy72 (1)
		KzRuZl7GORfMuz72pdJWvJtdPwM2 (2)
		T0yCfOT4nWOpBa0xMAc2Dtql3Fy1 (3)
		baCqb1eyV7gwCP4efWV9dXIcrHw1 (3)
		nkEMsYQRUaOPj4gyW0Cx1IAQoQT2 (1)
		Vk1vSduIIDSPAL8odzHy5fin4wE3 (1)

BenMark: 1 meetings
	attended by 2 participants
	lasting 23.1 minutes
	room participants (# of meetings)
		XV5nYHGbKGRCDnLBtiSflKqhG5x2 (1)
		pbmK3XEVIveNuGuW6SrLmWEHDkF3 (1)

FTP: 1 meetings
	attended by 2 participants
	lasting 19.2 minutes
	room participants (# of meetings)
		G0DAHoX1U8hbz1IefV2Vq3TmOy72 (1)
		T0yCfOT4nWOpBa0xMAc2Dtql3Fy1 (1)

budget: 5 meetings
	attended by 2 - 4 participants
	lasting from 25.9 to 70.3 minutes (avg: 57.2)
	room participants (# of meetings)
		3vtxNy6Vsabo1WYq1t634SzLyz33 (3)
		G0DAHoX1U8hbz1IefV2Vq3TmOy72 (4)
		T0yCfOT4nWOpBa0xMAc2Dtql3Fy1 (4)
		pbmK3XEVIveNuGuW6SrLmWEHDkF3 (2)
		nkEMsYQRUaOPj4gyW0Cx1IAQoQT2 (1)

CB: 1 meetings
	attended by 2 participants
	lasting 10.4 minutes
	room participants (# of meetings)
		HjZOerMBEadqYaMzbN22AakPISZ2 (1)
		T0yCfOT4nWOpBa0xMAc2Dtql3Fy1 (1)

art: 1 meetings
	attended by 2 participants
	lasting 74.8 minutes
	room participants (# of meetings)
		6L8mJzPTu5MOR0NJonmXic5xujr2 (1)
		nkEMsYQRUaOPj4gyW0Cx1IAQoQT2 (1)

Curriculum: 6 meetings
	attended by 2 - 4 participants
	lasting from 1.9 to 97.0 minutes (avg: 32.9)
	room participants (# of meetings)
		3vtxNy6Vsabo1WYq1t634SzLyz33 (4)
		G0DAHoX1U8hbz1IefV2Vq3TmOy72 (3)
		nkEMsYQRUaOPj4gyW0Cx1IAQoQT2 (6)
		pbmK3XEVIveNuGuW6SrLmWEHDkF3 (6)

JuliaMark: 1 meetings
	attended by 2 participants
	lasting 16.1 minutes
	room participants (# of meetings)
		3vtxNy6Vsabo1WYq1t634SzLyz33 (1)
		pbmK3XEVIveNuGuW6SrLmWEHDkF3 (1)

grumpy: 1 meetings
	attended by 2 participants
	lasting 3.0 minutes
	room participants (# of meetings)
		KepaNwu8rIXGtGDkTCH6Yze0qbI2 (1)
		nkEMsYQRUaOPj4gyW0Cx1IAQoQT2 (1)

shopify: 1 meetings
	attended by 4 participants
	lasting 70.7 minutes
	room participants (# of meetings)
		3vtxNy6Vsabo1WYq1t634SzLyz33 (1)
		T0yCfOT4nWOpBa0xMAc2Dtql3Fy1 (1)
		baCqb1eyV7gwCP4efWV9dXIcrHw1 (1)
		vPtDUrYqk6Oi5kktQaU1uWg5V482 (1)

hiring: 1 meetings
	attended by 2 participants
	lasting 25.7 minutes
	room participants (# of meetings)
		3vtxNy6Vsabo1WYq1t634SzLyz33 (1)
		T0yCfOT4nWOpBa0xMAc2Dtql3Fy1 (1)

Adit: 2 meetings
	attended by 2 - 3 participants
	lasting from 5.7 to 7.9 minutes (avg: 6.8)
	room participants (# of meetings)
		G0DAHoX1U8hbz1IefV2Vq3TmOy72 (2)
		T0yCfOT4nWOpBa0xMAc2Dtql3Fy1 (1)
		TEZ8wcdfuqUKoUbdISucNHI0tFI3 (2)

Board: 1 meetings
	attended by 4 participants
	lasting 27.7 minutes
	room participants (# of meetings)
		G0DAHoX1U8hbz1IefV2Vq3TmOy72 (1)
		T0yCfOT4nWOpBa0xMAc2Dtql3Fy1 (1)
		TEZ8wcdfuqUKoUbdISucNHI0tFI3 (1)
		nkEMsYQRUaOPj4gyW0Cx1IAQoQT2 (1)

personal: 2 meetings
	attended by 2 participants
	lasting from 47.6 to 57.5 minutes (avg: 52.5)
	room participants (# of meetings)
		YUuvZf8kTKXRhkHa9wt8rOMObpv1 (1)
		pbmK3XEVIveNuGuW6SrLmWEHDkF3 (2)
		o9lFcggZc6dD026DYxGbAiL7Dmm2 (1)

Support: 1 meetings
	attended by 3 participants
	lasting 64.3 minutes
	room participants (# of meetings)
		3vtxNy6Vsabo1WYq1t634SzLyz33 (1)
		G0DAHoX1U8hbz1IefV2Vq3TmOy72 (1)
		T0yCfOT4nWOpBa0xMAc2Dtql3Fy1 (1)

RG: 1 meetings
	attended by 2 participants
	lasting 29.9 minutes
	room participants (# of meetings)
		3vtxNy6Vsabo1WYq1t634SzLyz33 (1)
		pbmK3XEVIveNuGuW6SrLmWEHDkF3 (1)

MarenMark: 1 meetings
	attended by 2 participants
	lasting 15.7 minutes
	room participants (# of meetings)
		KzRuZl7GORfMuz72pdJWvJtdPwM2 (1)
		pbmK3XEVIveNuGuW6SrLmWEHDkF3 (1)

media: 1 meetings
	attended by 3 participants
	lasting 37.5 minutes
	room participants (# of meetings)
		3vtxNy6Vsabo1WYq1t634SzLyz33 (1)
		Cot3oRqOy7evTWzMmgURIdQhbBs2 (1)
		nkEMsYQRUaOPj4gyW0Cx1IAQoQT2 (1)

LodrinaMark: 1 meetings
	attended by 2 participants
	lasting 12.3 minutes
	room participants (# of meetings)
		3UfIZdTqWHY31dmSHoL5tWrAdrC3 (1)
		pbmK3XEVIveNuGuW6SrLmWEHDkF3 (1)

VickiMark: 1 meetings
	attended by 2 participants
	lasting 20.8 minutes
	room participants (# of meetings)
		3naBycdjWGQdR4qIcooSrGEd0ZG2 (1)
		pbmK3XEVIveNuGuW6SrLmWEHDkF3 (1)

Dashboard: 1 meetings
	attended by 2 participants
	lasting 10.4 minutes
	room participants (# of meetings)
		T0yCfOT4nWOpBa0xMAc2Dtql3Fy1 (1)
		g2CuEb6xUkOinLmlNkHdBOGpDLE2 (1)

recruit: 2 meetings
	attended by 2 - 3 participants
	lasting from 30.6 to 30.7 minutes (avg: 30.6)
	room participants (# of meetings)
		3vtxNy6Vsabo1WYq1t634SzLyz33 (2)
		T0yCfOT4nWOpBa0xMAc2Dtql3Fy1 (2)
		G0DAHoX1U8hbz1IefV2Vq3TmOy72 (1)

WEBSITE: 1 meetings
	attended by 3 participants
	lasting 59.3 minutes
	room participants (# of meetings)
		3vtxNy6Vsabo1WYq1t634SzLyz33 (1)
		T0yCfOT4nWOpBa0xMAc2Dtql3Fy1 (1)
		Z6QqrWYYYTahiWfYYqq1maczyYi2 (1)

video: 1 meetings
	attended by 4 participants
	lasting 30.4 minutes
	room participants (# of meetings)
		3naBycdjWGQdR4qIcooSrGEd0ZG2 (1)
		3vtxNy6Vsabo1WYq1t634SzLyz33 (1)
		Cot3oRqOy7evTWzMmgURIdQhbBs2 (1)
		pbmK3XEVIveNuGuW6SrLmWEHDkF3 (1)

BethMark: 1 meetings
	attended by 2 participants
	lasting 26.5 minutes
	room participants (# of meetings)
		G0DAHoX1U8hbz1IefV2Vq3TmOy72 (1)
		pbmK3XEVIveNuGuW6SrLmWEHDkF3 (1)

badging: 1 meetings
	attended by 4 participants
	lasting 31.2 minutes
	room participants (# of meetings)
		3vtxNy6Vsabo1WYq1t634SzLyz33 (1)
		Z6QqrWYYYTahiWfYYqq1maczyYi2 (1)
		nkEMsYQRUaOPj4gyW0Cx1IAQoQT2 (1)
		pbmK3XEVIveNuGuW6SrLmWEHDkF3 (1)

Creative Butter: 1 meetings
	attended by 2 participants
	lasting 18.1 minutes
	room participants (# of meetings)
		CVOIml4Os8UgIJKUycxnFoXQm0i1 (1)
		HjZOerMBEadqYaMzbN22AakPISZ2 (1)

pitch: 1 meetings
	attended by 3 participants
	lasting 69.6 minutes
	room participants (# of meetings)
		G0DAHoX1U8hbz1IefV2Vq3TmOy72 (1)
		TEZ8wcdfuqUKoUbdISucNHI0tFI3 (1)
		nkEMsYQRUaOPj4gyW0Cx1IAQoQT2 (1)

recruiting: 1 meetings
	attended by 2 participants
	lasting 21.1 minutes
	room participants (# of meetings)
		3vtxNy6Vsabo1WYq1t634SzLyz33 (1)
		T0yCfOT4nWOpBa0xMAc2Dtql3Fy1 (1)

research: 1 meetings
	attended by 2 participants
	lasting 32.0 minutes
	room participants (# of meetings)
		G0DAHoX1U8hbz1IefV2Vq3TmOy72 (1)
		KzRuZl7GORfMuz72pdJWvJtdPwM2 (1)

course-design: 1 meetings
	attended by 3 participants
	lasting 30.3 minutes
	room participants (# of meetings)
		3vtxNy6Vsabo1WYq1t634SzLyz33 (1)
		Z6QqrWYYYTahiWfYYqq1maczyYi2 (1)
		pbmK3XEVIveNuGuW6SrLmWEHDkF3 (1)

prospectus: 1 meetings
	attended by 4 participants
	lasting 4.0 minutes
	room participants (# of meetings)
		G0DAHoX1U8hbz1IefV2Vq3TmOy72 (1)
		Z6QqrWYYYTahiWfYYqq1maczyYi2 (1)
		nkEMsYQRUaOPj4gyW0Cx1IAQoQT2 (1)
		pbmK3XEVIveNuGuW6SrLmWEHDkF3 (1)

JuliaAlfie: 1 meetings
	attended by 2 participants
	lasting 28.5 minutes
	room participants (# of meetings)
		3vtxNy6Vsabo1WYq1t634SzLyz33 (1)
		T0yCfOT4nWOpBa0xMAc2Dtql3Fy1 (1)

interview: 20 meetings
	attended by 2 - 3 participants
	lasting from 19.1 to 52.0 minutes (avg: 33.1)
	room participants (# of meetings)
		3vtxNy6Vsabo1WYq1t634SzLyz33 (8)
		T0yCfOT4nWOpBa0xMAc2Dtql3Fy1 (15)
		fM4NHvGoImaFJjwpMmSN77KKxVE3 (1)
		Z5f5tVDUeMMQvgWc2sXArltuXVD3 (1)
		ZthAEb7T9jYNClLlH2ESqY17w6A3 (1)
		VaPFPuLRToUax5Mk6KO0pqR0sYS2 (1)
		d6vC6QVmbHYJkurDQO3oTKQuVj52 (2)
		RKkUnG173KSmlSFh37fIeVfyrHH3 (1)
		LulnhGdPx5UfT3ec3JmQyv5T9ul2 (1)
		G0DAHoX1U8hbz1IefV2Vq3TmOy72 (3)
		MfaFCl88Bgdb8in3WVqePiO30Mp1 (2)
		pbmK3XEVIveNuGuW6SrLmWEHDkF3 (3)
		baCqb1eyV7gwCP4efWV9dXIcrHw1 (1)
		nhJppYn7ZQP29NXgsFvt3juhG4F2 (1)
		Ze3DbBg8M7c0viYWh1vJDOPm47v1 (1)
		Ff0CKlGYP0MOwWfnYSokmudoxuh2 (2)
		1Pd4mFwEr8fy4qpIPnj9cyUQeyk1 (1)
		oXX9a9yjDkPXauH0YfGSqhJeI2L2 (1)
		nkEMsYQRUaOPj4gyW0Cx1IAQoQT2 (1)
		O5B7IeDRVWe243SSuywzBje8ltY2 (1)
		37j9zpo29KW4LvPXwYBcup28oOA2 (1)

interview2: 14 meetings
	attended by 2 - 3 participants
	lasting from 3.8 to 53.5 minutes (avg: 29.3)
	room participants (# of meetings)
		3vtxNy6Vsabo1WYq1t634SzLyz33 (8)
		MfaFCl88Bgdb8in3WVqePiO30Mp1 (1)
		T0yCfOT4nWOpBa0xMAc2Dtql3Fy1 (11)
		Ke3SEfIrBCYI44fPvMMCVR4voLy2 (1)
		Q7w6RH0k6pZywAta7WDf7Nj7dlJ2 (1)
		k90zrT6TlUQi5SbsjfRGM08BAXy1 (1)
		sbUhYicPcBOa7820hVTXmcYF1gm1 (1)
		sCU8XnSM38RkMERBTmw0HskF2pY2 (1)
		Ze3DbBg8M7c0viYWh1vJDOPm47v1 (1)
		G0DAHoX1U8hbz1IefV2Vq3TmOy72 (1)
		VaPFPuLRToUax5Mk6KO0pqR0sYS2 (1)
		pbmK3XEVIveNuGuW6SrLmWEHDkF3 (3)
		cRix486a3sbHqYZ0cq5Dmo7wkrq2 (1)
		d6vC6QVmbHYJkurDQO3oTKQuVj52 (1)
		xekZWwAG8zdxMoq519MhrtnJGIF2 (2)
		TgaONUJNV8Tkyy9Iz8u5lixmaUH3 (1)
		pf33f8C442fw81VWMWattGi9Yyr1 (1)

blockchain: 1 meetings
	attended by 2 participants
	lasting 63.0 minutes
	room participants (# of meetings)
		nkEMsYQRUaOPj4gyW0Cx1IAQoQT2 (1)
		zZMkPknlMifEJZFvJVlNa6PHZBa2 (1)

Marketing: 1 meetings
	attended by 2 participants
	lasting 16.6 minutes
	room participants (# of meetings)
		Z6QqrWYYYTahiWfYYqq1maczyYi2 (1)
		nkEMsYQRUaOPj4gyW0Cx1IAQoQT2 (1)

debrief: 4 meetings
	attended by 2 - 3 participants
	lasting from 13.2 to 37.7 minutes (avg: 21.4)
	room participants (# of meetings)
		3vtxNy6Vsabo1WYq1t634SzLyz33 (3)
		T0yCfOT4nWOpBa0xMAc2Dtql3Fy1 (2)
		nkEMsYQRUaOPj4gyW0Cx1IAQoQT2 (2)
		G0DAHoX1U8hbz1IefV2Vq3TmOy72 (1)
		Z6QqrWYYYTahiWfYYqq1maczyYi2 (1)

touch base: 1 meetings
	attended by 2 participants
	lasting 8.1 minutes
	room participants (# of meetings)
		T0yCfOT4nWOpBa0xMAc2Dtql3Fy1 (1)
		pbmK3XEVIveNuGuW6SrLmWEHDkF3 (1)

management: 1 meetings
	attended by 2 participants
	lasting 24.1 minutes
	room participants (# of meetings)
		Z6QqrWYYYTahiWfYYqq1maczyYi2 (1)
		nkEMsYQRUaOPj4gyW0Cx1IAQoQT2 (1)

reinvent: 1 meetings
	attended by 3 participants
	lasting 56.4 minutes
	room participants (# of meetings)
		KzRuZl7GORfMuz72pdJWvJtdPwM2 (1)
		OJGA9uSqb4Rbo65YLY62WWQpk513 (1)
		nkEMsYQRUaOPj4gyW0Cx1IAQoQT2 (1)

deploy: 1 meetings
	attended by 3 participants
	lasting 25.2 minutes
	room participants (# of meetings)
		3vtxNy6Vsabo1WYq1t634SzLyz33 (1)
		G0DAHoX1U8hbz1IefV2Vq3TmOy72 (1)
		V4Kc1uN0pgP7oVhaDjcmp6swV2F3 (1)

connect: 1 meetings
	attended by 3 participants
	lasting 28.9 minutes
	room participants (# of meetings)
		3vtxNy6Vsabo1WYq1t634SzLyz33 (1)
		Cot3oRqOy7evTWzMmgURIdQhbBs2 (1)
		G0DAHoX1U8hbz1IefV2Vq3TmOy72 (1)

KellyJulia: 2 meetings
	attended by 2 participants
	lasting from 35.7 to 60.5 minutes (avg: 48.1)
	room participants (# of meetings)
		3vtxNy6Vsabo1WYq1t634SzLyz33 (2)
		Z6QqrWYYYTahiWfYYqq1maczyYi2 (2)

BethJulia: 3 meetings
	attended by 2 participants
	lasting from 0.9 to 49.2 minutes (avg: 28.5)
	room participants (# of meetings)
		3vtxNy6Vsabo1WYq1t634SzLyz33 (3)
		G0DAHoX1U8hbz1IefV2Vq3TmOy72 (3)

NFL: 1 meetings
	attended by 6 participants
	lasting 62.1 minutes
	room participants (# of meetings)
		0aygvrdPDhTzYljyEGLzvkZ47Y13 (1)
		1pjJ6yrehJWba6gHkUqH0m46J0b2 (1)
		G0DAHoX1U8hbz1IefV2Vq3TmOy72 (1)
		KzRuZl7GORfMuz72pdJWvJtdPwM2 (1)
		hxHpOIStaEhHUdWaV3ez1O55Cy23 (1)
		iSaYNogU1FazRlONm1xOyA6hyXJ3 (1)

OCF-Clive White: 1 meetings
	attended by 2 participants
	lasting 34.3 minutes
	room participants (# of meetings)
		XETDdNz935eU9F0GfpIrMrTGZj33 (1)
		nkEMsYQRUaOPj4gyW0Cx1IAQoQT2 (1)

Coach: 1 meetings
	attended by 3 participants
	lasting 36.5 minutes
	room participants (# of meetings)
		3vtxNy6Vsabo1WYq1t634SzLyz33 (1)
		T0yCfOT4nWOpBa0xMAc2Dtql3Fy1 (1)
		nkEMsYQRUaOPj4gyW0Cx1IAQoQT2 (1)

innovation: 1 meetings
	attended by 4 participants
	lasting 61.1 minutes
	room participants (# of meetings)
		3vtxNy6Vsabo1WYq1t634SzLyz33 (1)
		KzRuZl7GORfMuz72pdJWvJtdPwM2 (1)
		Z6QqrWYYYTahiWfYYqq1maczyYi2 (1)
		nkEMsYQRUaOPj4gyW0Cx1IAQoQT2 (1)

demo: 1 meetings
	attended by 4 participants
	lasting 48.9 minutes
	room participants (# of meetings)
		G0DAHoX1U8hbz1IefV2Vq3TmOy72 (1)
		KzRuZl7GORfMuz72pdJWvJtdPwM2 (1)
		Z6QqrWYYYTahiWfYYqq1maczyYi2 (1)
		wVT5wEYlEpYxwKrhCSD7nm32bms2 (1)

touchbase: 4 meetings
	attended by 2 - 3 participants
	lasting from 23.1 to 69.0 minutes (avg: 44.5)
	room participants (# of meetings)
		3vtxNy6Vsabo1WYq1t634SzLyz33 (4)
		T0yCfOT4nWOpBa0xMAc2Dtql3Fy1 (4)
		pbmK3XEVIveNuGuW6SrLmWEHDkF3 (1)
		baCqb1eyV7gwCP4efWV9dXIcrHw1 (2)

Executive: 1 meetings
	attended by 2 participants
	lasting 36.3 minutes
	room participants (# of meetings)
		G0DAHoX1U8hbz1IefV2Vq3TmOy72 (1)
		nkEMsYQRUaOPj4gyW0Cx1IAQoQT2 (1)

cyber: 2 meetings
	attended by 3 participants
	lasting from 9.7 to 26.0 minutes (avg: 17.9)
	room participants (# of meetings)
		3vtxNy6Vsabo1WYq1t634SzLyz33 (2)
		G0DAHoX1U8hbz1IefV2Vq3TmOy72 (2)
		pbmK3XEVIveNuGuW6SrLmWEHDkF3 (2)

JuliaShannon: 1 meetings
	attended by 2 participants
	lasting 2.5 minutes
	room participants (# of meetings)
		3vtxNy6Vsabo1WYq1t634SzLyz33 (1)
		baCqb1eyV7gwCP4efWV9dXIcrHw1 (1)

